%ANSYS180_DIR%\gui\en-us\UIDL\UIMENU.GRN 
%ANSYS180_DIR%\gui\en-us\UIDL\UIFUNC1.GRN 
%ANSYS180_DIR%\gui\en-us\UIDL\UIFUNC2.GRN 
%ANSYS180_DIR%\gui\en-us\UIDL\MECHTOOL.AUI 
%ANSYS180_DIR%\gui\en-us\UIDL\SwiftCompMENU.GRN 
%ANSYS180_DIR%\gui\en-us\UIDL\SwiftCompFUNC1.GRN 
%ANSYS180_DIR%\gui\en-us\UIDL\SwiftCompFUNC2.GRN 
%ANSYS180_DIR%\gui\en-us\UIDL\SwiftCompFUNC3.GRN 
